Analysis & Synthesis report for ReactionTime
Tue May 26 11:55:20 2015
Quartus II 64-Bit Version 13.1.4 Build 182 03/12/2014 SJ Web Edition


---------------------
; Table of Contents ;
---------------------
  1. Legal Notice
  2. Analysis & Synthesis Summary
  3. Analysis & Synthesis Settings
  4. Parallel Compilation
  5. Analysis & Synthesis Source Files Read
  6. Analysis & Synthesis Resource Usage Summary
  7. Analysis & Synthesis Resource Utilization by Entity
  8. State Machine - |ReactionTime|LEDCounterFSM:ledcounter_fsm|s_currentState
  9. State Machine - |ReactionTime|TimerAuxFSM:timeraux_fsm|PS
 10. Registers Removed During Synthesis
 11. Removed Registers Triggering Further Register Optimizations
 12. General Register Statistics
 13. Parameter Settings for User Entity Instance: FreqDivider:clkdivider_50000hz
 14. Parameter Settings for User Entity Instance: RandomGenerator:rnd_generator|pseudo_random_generator:rnd_gen
 15. Parameter Settings for User Entity Instance: RandomGenerator:rnd_generator|ShiftRegisterN:shiftreg
 16. Parameter Settings for User Entity Instance: RandomGenerator:rnd_generator|CheckRangeN:checkrng
 17. Parameter Settings for User Entity Instance: FreqDivider:clkdivider_1hz
 18. Parameter Settings for User Entity Instance: FreqDivider:clkdivider_2hz
 19. Parameter Settings for User Entity Instance: FreqDivider:clkdivider_100hz
 20. Port Connectivity Checks: "MainFSM:main_fsm"
 21. Port Connectivity Checks: "TimerAuxFSM:timeraux_fsm"
 22. Port Connectivity Checks: "RandomGenerator:rnd_generator"
 23. Elapsed Time Per Partition
 24. Analysis & Synthesis Messages



----------------
; Legal Notice ;
----------------
Copyright (C) 1991-2014 Altera Corporation
Your use of Altera Corporation's design tools, logic functions 
and other software and tools, and its AMPP partner logic 
functions, and any output files from any of the foregoing 
(including device programming or simulation files), and any 
associated documentation or information are expressly subject 
to the terms and conditions of the Altera Program License 
Subscription Agreement, Altera MegaCore Function License 
Agreement, or other applicable license agreement, including, 
without limitation, that your use is for the sole purpose of 
programming logic devices manufactured by Altera and sold by 
Altera or its authorized distributors.  Please refer to the 
applicable agreement for further details.



+---------------------------------------------------------------------------------+
; Analysis & Synthesis Summary                                                    ;
+------------------------------------+--------------------------------------------+
; Analysis & Synthesis Status        ; Successful - Tue May 26 11:55:20 2015      ;
; Quartus II 64-Bit Version          ; 13.1.4 Build 182 03/12/2014 SJ Web Edition ;
; Revision Name                      ; ReactionTime                               ;
; Top-level Entity Name              ; ReactionTime                               ;
; Family                             ; Cyclone IV E                               ;
; Total logic elements               ; 57                                         ;
;     Total combinational functions  ; 57                                         ;
;     Dedicated logic registers      ; 32                                         ;
; Total registers                    ; 32                                         ;
; Total pins                         ; 55                                         ;
; Total virtual pins                 ; 0                                          ;
; Total memory bits                  ; 0                                          ;
; Embedded Multiplier 9-bit elements ; 0                                          ;
; Total PLLs                         ; 0                                          ;
+------------------------------------+--------------------------------------------+


+----------------------------------------------------------------------------------------------------------------------+
; Analysis & Synthesis Settings                                                                                        ;
+----------------------------------------------------------------------------+--------------------+--------------------+
; Option                                                                     ; Setting            ; Default Value      ;
+----------------------------------------------------------------------------+--------------------+--------------------+
; Device                                                                     ; EP4CE115F29C7      ;                    ;
; Top-level entity name                                                      ; ReactionTime       ; ReactionTime       ;
; Family name                                                                ; Cyclone IV E       ; Cyclone IV GX      ;
; Use smart compilation                                                      ; Off                ; Off                ;
; Enable parallel Assembler and TimeQuest Timing Analyzer during compilation ; On                 ; On                 ;
; Enable compact report table                                                ; Off                ; Off                ;
; Restructure Multiplexers                                                   ; Auto               ; Auto               ;
; Create Debugging Nodes for IP Cores                                        ; Off                ; Off                ;
; Preserve fewer node names                                                  ; On                 ; On                 ;
; Disable OpenCore Plus hardware evaluation                                  ; Off                ; Off                ;
; Verilog Version                                                            ; Verilog_2001       ; Verilog_2001       ;
; VHDL Version                                                               ; VHDL_1993          ; VHDL_1993          ;
; State Machine Processing                                                   ; Auto               ; Auto               ;
; Safe State Machine                                                         ; Off                ; Off                ;
; Extract Verilog State Machines                                             ; On                 ; On                 ;
; Extract VHDL State Machines                                                ; On                 ; On                 ;
; Ignore Verilog initial constructs                                          ; Off                ; Off                ;
; Iteration limit for constant Verilog loops                                 ; 5000               ; 5000               ;
; Iteration limit for non-constant Verilog loops                             ; 250                ; 250                ;
; Add Pass-Through Logic to Inferred RAMs                                    ; On                 ; On                 ;
; Infer RAMs from Raw Logic                                                  ; On                 ; On                 ;
; Parallel Synthesis                                                         ; On                 ; On                 ;
; DSP Block Balancing                                                        ; Auto               ; Auto               ;
; NOT Gate Push-Back                                                         ; On                 ; On                 ;
; Power-Up Don't Care                                                        ; On                 ; On                 ;
; Remove Redundant Logic Cells                                               ; Off                ; Off                ;
; Remove Duplicate Registers                                                 ; On                 ; On                 ;
; Ignore CARRY Buffers                                                       ; Off                ; Off                ;
; Ignore CASCADE Buffers                                                     ; Off                ; Off                ;
; Ignore GLOBAL Buffers                                                      ; Off                ; Off                ;
; Ignore ROW GLOBAL Buffers                                                  ; Off                ; Off                ;
; Ignore LCELL Buffers                                                       ; Off                ; Off                ;
; Ignore SOFT Buffers                                                        ; On                 ; On                 ;
; Limit AHDL Integers to 32 Bits                                             ; Off                ; Off                ;
; Optimization Technique                                                     ; Balanced           ; Balanced           ;
; Carry Chain Length                                                         ; 70                 ; 70                 ;
; Auto Carry Chains                                                          ; On                 ; On                 ;
; Auto Open-Drain Pins                                                       ; On                 ; On                 ;
; Perform WYSIWYG Primitive Resynthesis                                      ; Off                ; Off                ;
; Auto ROM Replacement                                                       ; On                 ; On                 ;
; Auto RAM Replacement                                                       ; On                 ; On                 ;
; Auto DSP Block Replacement                                                 ; On                 ; On                 ;
; Auto Shift Register Replacement                                            ; Auto               ; Auto               ;
; Allow Shift Register Merging across Hierarchies                            ; Auto               ; Auto               ;
; Auto Clock Enable Replacement                                              ; On                 ; On                 ;
; Strict RAM Replacement                                                     ; Off                ; Off                ;
; Allow Synchronous Control Signals                                          ; On                 ; On                 ;
; Force Use of Synchronous Clear Signals                                     ; Off                ; Off                ;
; Auto RAM Block Balancing                                                   ; On                 ; On                 ;
; Auto RAM to Logic Cell Conversion                                          ; Off                ; Off                ;
; Auto Resource Sharing                                                      ; Off                ; Off                ;
; Allow Any RAM Size For Recognition                                         ; Off                ; Off                ;
; Allow Any ROM Size For Recognition                                         ; Off                ; Off                ;
; Allow Any Shift Register Size For Recognition                              ; Off                ; Off                ;
; Use LogicLock Constraints during Resource Balancing                        ; On                 ; On                 ;
; Ignore translate_off and synthesis_off directives                          ; Off                ; Off                ;
; Timing-Driven Synthesis                                                    ; On                 ; On                 ;
; Report Parameter Settings                                                  ; On                 ; On                 ;
; Report Source Assignments                                                  ; On                 ; On                 ;
; Report Connectivity Checks                                                 ; On                 ; On                 ;
; Ignore Maximum Fan-Out Assignments                                         ; Off                ; Off                ;
; Synchronization Register Chain Length                                      ; 2                  ; 2                  ;
; PowerPlay Power Optimization                                               ; Normal compilation ; Normal compilation ;
; HDL message level                                                          ; Level2             ; Level2             ;
; Suppress Register Optimization Related Messages                            ; Off                ; Off                ;
; Number of Removed Registers Reported in Synthesis Report                   ; 5000               ; 5000               ;
; Number of Swept Nodes Reported in Synthesis Report                         ; 5000               ; 5000               ;
; Number of Inverted Registers Reported in Synthesis Report                  ; 100                ; 100                ;
; Clock MUX Protection                                                       ; On                 ; On                 ;
; Auto Gated Clock Conversion                                                ; Off                ; Off                ;
; Block Design Naming                                                        ; Auto               ; Auto               ;
; SDC constraint protection                                                  ; Off                ; Off                ;
; Synthesis Effort                                                           ; Auto               ; Auto               ;
; Shift Register Replacement - Allow Asynchronous Clear Signal               ; On                 ; On                 ;
; Pre-Mapping Resynthesis Optimization                                       ; Off                ; Off                ;
; Analysis & Synthesis Message Level                                         ; Medium             ; Medium             ;
; Disable Register Merging Across Hierarchies                                ; Auto               ; Auto               ;
; Resource Aware Inference For Block RAM                                     ; On                 ; On                 ;
; Synthesis Seed                                                             ; 1                  ; 1                  ;
+----------------------------------------------------------------------------+--------------------+--------------------+


Parallel compilation was disabled, but you have multiple processors available. Enable parallel compilation to reduce compilation time.
+-------------------------------------+
; Parallel Compilation                ;
+----------------------------+--------+
; Processors                 ; Number ;
+----------------------------+--------+
; Number detected on machine ; 8      ;
; Maximum allowed            ; 1      ;
+----------------------------+--------+


+------------------------------------------------------------------------------------------------------------------------------------------------------+
; Analysis & Synthesis Source Files Read                                                                                                               ;
+----------------------------------+-----------------+-----------------+---------------------------------------------------------------------+---------+
; File Name with User-Entered Path ; Used in Netlist ; File Type       ; File Name with Absolute Path                                        ; Library ;
+----------------------------------+-----------------+-----------------+---------------------------------------------------------------------+---------+
; pseudo_random_generator.vhd      ; yes             ; User VHDL File  ; C:/VHDL/projeto/reactiontime/Code/Shell/pseudo_random_generator.vhd ;         ;
; FreqDivider.vhd                  ; yes             ; User VHDL File  ; C:/VHDL/projeto/reactiontime/Code/Shell/FreqDivider.vhd             ;         ;
; RandomGenerator.vhd              ; yes             ; User VHDL File  ; C:/VHDL/projeto/reactiontime/Code/Shell/RandomGenerator.vhd         ;         ;
; Bin7SegDecoder.vhd               ; yes             ; User VHDL File  ; C:/VHDL/projeto/reactiontime/Code/Shell/Bin7SegDecoder.vhd          ;         ;
; HexDisplay.vhd                   ; yes             ; User VHDL File  ; C:/VHDL/projeto/reactiontime/Code/Shell/HexDisplay.vhd              ;         ;
; CheckRangeN.vhd                  ; yes             ; User VHDL File  ; C:/VHDL/projeto/reactiontime/Code/Shell/CheckRangeN.vhd             ;         ;
; MainFSM.vhd                      ; yes             ; User VHDL File  ; C:/VHDL/projeto/reactiontime/Code/Shell/MainFSM.vhd                 ;         ;
; CntBCDUp4.vhd                    ; yes             ; User VHDL File  ; C:/VHDL/projeto/reactiontime/Code/Shell/CntBCDUp4.vhd               ;         ;
; LEDCounterFSM.vhd                ; yes             ; User VHDL File  ; C:/VHDL/projeto/reactiontime/Code/Shell/LEDCounterFSM.vhd           ;         ;
; ShiftRegisterN.vhd               ; yes             ; User VHDL File  ; C:/VHDL/projeto/reactiontime/Code/Shell/ShiftRegisterN.vhd          ;         ;
; TimerAuxFSM.vhd                  ; yes             ; User VHDL File  ; C:/VHDL/projeto/reactiontime/Code/Shell/TimerAuxFSM.vhd             ;         ;
; ReactionTime.vhd                 ; yes             ; User VHDL File  ; C:/VHDL/projeto/reactiontime/Code/Shell/ReactionTime.vhd            ;         ;
+----------------------------------+-----------------+-----------------+---------------------------------------------------------------------+---------+


+--------------------------------------------------------------+
; Analysis & Synthesis Resource Usage Summary                  ;
+---------------------------------------------+----------------+
; Resource                                    ; Usage          ;
+---------------------------------------------+----------------+
; Estimated Total logic elements              ; 57             ;
;                                             ;                ;
; Total combinational functions               ; 57             ;
; Logic element usage by number of LUT inputs ;                ;
;     -- 4 input functions                    ; 13             ;
;     -- 3 input functions                    ; 1              ;
;     -- <=2 input functions                  ; 43             ;
;                                             ;                ;
; Logic elements by mode                      ;                ;
;     -- normal mode                          ; 27             ;
;     -- arithmetic mode                      ; 30             ;
;                                             ;                ;
; Total registers                             ; 32             ;
;     -- Dedicated logic registers            ; 32             ;
;     -- I/O registers                        ; 0              ;
;                                             ;                ;
; I/O pins                                    ; 55             ;
; Embedded Multiplier 9-bit elements          ; 0              ;
; Maximum fan-out node                        ; CLOCK_50~input ;
; Maximum fan-out                             ; 32             ;
; Total fan-out                               ; 260            ;
; Average fan-out                             ; 1.31           ;
+---------------------------------------------+----------------+


+-------------------------------------------------------------------------------------------------------------------------------------------------------------------------------------------------------+
; Analysis & Synthesis Resource Utilization by Entity                                                                                                                                                   ;
+---------------------------------+-------------------+--------------+-------------+--------------+---------+-----------+------+--------------+------------------------------------------+--------------+
; Compilation Hierarchy Node      ; LC Combinationals ; LC Registers ; Memory Bits ; DSP Elements ; DSP 9x9 ; DSP 18x18 ; Pins ; Virtual Pins ; Full Hierarchy Name                      ; Library Name ;
+---------------------------------+-------------------+--------------+-------------+--------------+---------+-----------+------+--------------+------------------------------------------+--------------+
; |ReactionTime                   ; 57 (0)            ; 32 (0)       ; 0           ; 0            ; 0       ; 0         ; 55   ; 0            ; |ReactionTime                            ; work         ;
;    |FreqDivider:clkdivider_2hz| ; 57 (57)           ; 32 (32)      ; 0           ; 0            ; 0       ; 0         ; 0    ; 0            ; |ReactionTime|FreqDivider:clkdivider_2hz ; work         ;
+---------------------------------+-------------------+--------------+-------------+--------------+---------+-----------+------+--------------+------------------------------------------+--------------+
Note: For table entries with two numbers listed, the numbers in parentheses indicate the number of resources of the given type used by the specific entity alone. The numbers listed outside of parentheses indicate the total resources of the given type used by the specific entity and all of its sub-entities in the hierarchy.


Encoding Type:  One-Hot
+-----------------------------------------------------------------------------------------------------------------+
; State Machine - |ReactionTime|LEDCounterFSM:ledcounter_fsm|s_currentState                                       ;
+------------------+------------------+------------------+------------------+------------------+------------------+
; Name             ; s_currentState.E ; s_currentState.D ; s_currentState.C ; s_currentState.B ; s_currentState.A ;
+------------------+------------------+------------------+------------------+------------------+------------------+
; s_currentState.A ; 0                ; 0                ; 0                ; 0                ; 0                ;
; s_currentState.B ; 0                ; 0                ; 0                ; 1                ; 1                ;
; s_currentState.C ; 0                ; 0                ; 1                ; 0                ; 1                ;
; s_currentState.D ; 0                ; 1                ; 0                ; 0                ; 1                ;
; s_currentState.E ; 1                ; 0                ; 0                ; 0                ; 1                ;
+------------------+------------------+------------------+------------------+------------------+------------------+


Encoding Type:  One-Hot
+-----------------------------------------------------------+
; State Machine - |ReactionTime|TimerAuxFSM:timeraux_fsm|PS ;
+------+------+------+------+-------------------------------+
; Name ; PS.D ; PS.C ; PS.B ; PS.A                          ;
+------+------+------+------+-------------------------------+
; PS.A ; 0    ; 0    ; 0    ; 0                             ;
; PS.B ; 0    ; 0    ; 1    ; 1                             ;
; PS.C ; 0    ; 1    ; 0    ; 1                             ;
; PS.D ; 1    ; 0    ; 0    ; 1                             ;
+------+------+------+------+-------------------------------+


+---------------------------------------------------------------------+
; Registers Removed During Synthesis                                  ;
+------------------------------------------------+--------------------+
; Register name                                  ; Reason for Removal ;
+------------------------------------------------+--------------------+
; CntBCDUp4:counter|s_count[0..23]               ; Lost fanout        ;
; FreqDivider:clkdivider_100hz|s_counter[0..14]  ; Lost fanout        ;
; FreqDivider:clkdivider_100hz|clkOut            ; Lost fanout        ;
; FreqDivider:clkdivider_100hz|s_counter[15..30] ; Lost fanout        ;
; LEDCounterFSM:ledcounter_fsm|s_currentState.D  ; Lost fanout        ;
; LEDCounterFSM:ledcounter_fsm|s_currentState.A  ; Lost fanout        ;
; LEDCounterFSM:ledcounter_fsm|s_currentState.B  ; Lost fanout        ;
; LEDCounterFSM:ledcounter_fsm|s_currentState.C  ; Lost fanout        ;
; LEDCounterFSM:ledcounter_fsm|s_currentState.E  ; Lost fanout        ;
; TimerAuxFSM:timeraux_fsm|PS.B                  ; Lost fanout        ;
; FreqDivider:clkdivider_1hz|clkOut              ; Lost fanout        ;
; FreqDivider:clkdivider_1hz|s_counter[0..30]    ; Lost fanout        ;
; TimerAuxFSM:timeraux_fsm|PS.A                  ; Lost fanout        ;
; TimerAuxFSM:timeraux_fsm|PS.C                  ; Lost fanout        ;
; TimerAuxFSM:timeraux_fsm|PS.D                  ; Lost fanout        ;
; Total Number of Removed Registers = 97         ;                    ;
+------------------------------------------------+--------------------+


+----------------------------------------------------------------------------------------------------------------------------------------------------------+
; Removed Registers Triggering Further Register Optimizations                                                                                              ;
+-----------------------------------------------+--------------------+-------------------------------------------------------------------------------------+
; Register name                                 ; Reason for Removal ; Registers Removed due to This Register                                              ;
+-----------------------------------------------+--------------------+-------------------------------------------------------------------------------------+
; LEDCounterFSM:ledcounter_fsm|s_currentState.D ; Lost Fanouts       ; FreqDivider:clkdivider_1hz|clkOut, FreqDivider:clkdivider_1hz|s_counter[28],        ;
;                                               ;                    ; FreqDivider:clkdivider_1hz|s_counter[27], FreqDivider:clkdivider_1hz|s_counter[26], ;
;                                               ;                    ; FreqDivider:clkdivider_1hz|s_counter[25], FreqDivider:clkdivider_1hz|s_counter[24], ;
;                                               ;                    ; FreqDivider:clkdivider_1hz|s_counter[23], FreqDivider:clkdivider_1hz|s_counter[22], ;
;                                               ;                    ; FreqDivider:clkdivider_1hz|s_counter[21], FreqDivider:clkdivider_1hz|s_counter[20], ;
;                                               ;                    ; FreqDivider:clkdivider_1hz|s_counter[19], FreqDivider:clkdivider_1hz|s_counter[18], ;
;                                               ;                    ; FreqDivider:clkdivider_1hz|s_counter[17], FreqDivider:clkdivider_1hz|s_counter[16], ;
;                                               ;                    ; FreqDivider:clkdivider_1hz|s_counter[15], FreqDivider:clkdivider_1hz|s_counter[14], ;
;                                               ;                    ; FreqDivider:clkdivider_1hz|s_counter[13], FreqDivider:clkdivider_1hz|s_counter[12], ;
;                                               ;                    ; FreqDivider:clkdivider_1hz|s_counter[11], FreqDivider:clkdivider_1hz|s_counter[10], ;
;                                               ;                    ; FreqDivider:clkdivider_1hz|s_counter[9], FreqDivider:clkdivider_1hz|s_counter[8],   ;
;                                               ;                    ; FreqDivider:clkdivider_1hz|s_counter[7], FreqDivider:clkdivider_1hz|s_counter[6],   ;
;                                               ;                    ; FreqDivider:clkdivider_1hz|s_counter[5], FreqDivider:clkdivider_1hz|s_counter[4],   ;
;                                               ;                    ; FreqDivider:clkdivider_1hz|s_counter[3], FreqDivider:clkdivider_1hz|s_counter[2],   ;
;                                               ;                    ; FreqDivider:clkdivider_1hz|s_counter[1]                                             ;
; FreqDivider:clkdivider_100hz|s_counter[14]    ; Lost Fanouts       ; FreqDivider:clkdivider_100hz|s_counter[25],                                         ;
;                                               ;                    ; FreqDivider:clkdivider_100hz|s_counter[26],                                         ;
;                                               ;                    ; FreqDivider:clkdivider_100hz|s_counter[27],                                         ;
;                                               ;                    ; FreqDivider:clkdivider_100hz|s_counter[28],                                         ;
;                                               ;                    ; FreqDivider:clkdivider_100hz|s_counter[29],                                         ;
;                                               ;                    ; FreqDivider:clkdivider_100hz|s_counter[30]                                          ;
; CntBCDUp4:counter|s_count[1]                  ; Lost Fanouts       ; FreqDivider:clkdivider_100hz|clkOut                                                 ;
+-----------------------------------------------+--------------------+-------------------------------------------------------------------------------------+


+------------------------------------------------------+
; General Register Statistics                          ;
+----------------------------------------------+-------+
; Statistic                                    ; Value ;
+----------------------------------------------+-------+
; Total registers                              ; 32    ;
; Number of registers using Synchronous Clear  ; 0     ;
; Number of registers using Synchronous Load   ; 0     ;
; Number of registers using Asynchronous Clear ; 0     ;
; Number of registers using Asynchronous Load  ; 0     ;
; Number of registers using Clock Enable       ; 0     ;
; Number of registers using Preset             ; 0     ;
+----------------------------------------------+-------+


+-----------------------------------------------------------------------------+
; Parameter Settings for User Entity Instance: FreqDivider:clkdivider_50000hz ;
+----------------+-------+----------------------------------------------------+
; Parameter Name ; Value ; Type                                               ;
+----------------+-------+----------------------------------------------------+
; k              ; 1000  ; Signed Integer                                     ;
+----------------+-------+----------------------------------------------------+
Note: In order to hide this table in the UI and the text report file, please set the "Show Parameter Settings in Synthesis Report" option in "Analysis and Synthesis Settings -> More Settings" to "Off".


+------------------------------------------------------------------------------------------------------------+
; Parameter Settings for User Entity Instance: RandomGenerator:rnd_generator|pseudo_random_generator:rnd_gen ;
+----------------+------------------------------------------------------------------+------------------------+
; Parameter Name ; Value                                                            ; Type                   ;
+----------------+------------------------------------------------------------------+------------------------+
; n_output_bits  ; 6                                                                ; Signed Integer         ;
; seed           ; 0000000100100011010001010110011110001001101010111100110111101111 ; Unsigned Binary        ;
+----------------+------------------------------------------------------------------+------------------------+
Note: In order to hide this table in the UI and the text report file, please set the "Show Parameter Settings in Synthesis Report" option in "Analysis and Synthesis Settings -> More Settings" to "Off".


+----------------------------------------------------------------------------------------------------+
; Parameter Settings for User Entity Instance: RandomGenerator:rnd_generator|ShiftRegisterN:shiftreg ;
+----------------+-------+---------------------------------------------------------------------------+
; Parameter Name ; Value ; Type                                                                      ;
+----------------+-------+---------------------------------------------------------------------------+
; size           ; 6     ; Signed Integer                                                            ;
+----------------+-------+---------------------------------------------------------------------------+
Note: In order to hide this table in the UI and the text report file, please set the "Show Parameter Settings in Synthesis Report" option in "Analysis and Synthesis Settings -> More Settings" to "Off".


+-------------------------------------------------------------------------------------------------+
; Parameter Settings for User Entity Instance: RandomGenerator:rnd_generator|CheckRangeN:checkrng ;
+----------------+-------+------------------------------------------------------------------------+
; Parameter Name ; Value ; Type                                                                   ;
+----------------+-------+------------------------------------------------------------------------+
; size           ; 6     ; Signed Integer                                                         ;
+----------------+-------+------------------------------------------------------------------------+
Note: In order to hide this table in the UI and the text report file, please set the "Show Parameter Settings in Synthesis Report" option in "Analysis and Synthesis Settings -> More Settings" to "Off".


+-------------------------------------------------------------------------+
; Parameter Settings for User Entity Instance: FreqDivider:clkdivider_1hz ;
+----------------+----------+---------------------------------------------+
; Parameter Name ; Value    ; Type                                        ;
+----------------+----------+---------------------------------------------+
; k              ; 50000000 ; Signed Integer                              ;
+----------------+----------+---------------------------------------------+
Note: In order to hide this table in the UI and the text report file, please set the "Show Parameter Settings in Synthesis Report" option in "Analysis and Synthesis Settings -> More Settings" to "Off".


+-------------------------------------------------------------------------+
; Parameter Settings for User Entity Instance: FreqDivider:clkdivider_2hz ;
+----------------+----------+---------------------------------------------+
; Parameter Name ; Value    ; Type                                        ;
+----------------+----------+---------------------------------------------+
; k              ; 25000000 ; Signed Integer                              ;
+----------------+----------+---------------------------------------------+
Note: In order to hide this table in the UI and the text report file, please set the "Show Parameter Settings in Synthesis Report" option in "Analysis and Synthesis Settings -> More Settings" to "Off".


+---------------------------------------------------------------------------+
; Parameter Settings for User Entity Instance: FreqDivider:clkdivider_100hz ;
+----------------+--------+-------------------------------------------------+
; Parameter Name ; Value  ; Type                                            ;
+----------------+--------+-------------------------------------------------+
; k              ; 500000 ; Signed Integer                                  ;
+----------------+--------+-------------------------------------------------+
Note: In order to hide this table in the UI and the text report file, please set the "Show Parameter Settings in Synthesis Report" option in "Analysis and Synthesis Settings -> More Settings" to "Off".


+-------------------------------------------------------------------------------------------------------------------------+
; Port Connectivity Checks: "MainFSM:main_fsm"                                                                            ;
+---------------+--------+----------+-------------------------------------------------------------------------------------+
; Port          ; Type   ; Severity ; Details                                                                             ;
+---------------+--------+----------+-------------------------------------------------------------------------------------+
; valid         ; Input  ; Info     ; Stuck at VCC                                                                        ;
; ledcounter_en ; Output ; Info     ; Connected to dangling logic. Logic that only feeds a dangling port will be removed. ;
+---------------+--------+----------+-------------------------------------------------------------------------------------+


+------------------------------------------------------+
; Port Connectivity Checks: "TimerAuxFSM:timeraux_fsm" ;
+----------------+-------+----------+------------------+
; Port           ; Type  ; Severity ; Details          ;
+----------------+-------+----------+------------------+
; timerval[5..4] ; Input ; Info     ; Stuck at GND     ;
; timerval[3]    ; Input ; Info     ; Stuck at VCC     ;
; timerval[2]    ; Input ; Info     ; Stuck at GND     ;
; timerval[1]    ; Input ; Info     ; Stuck at VCC     ;
; timerval[0]    ; Input ; Info     ; Stuck at GND     ;
+----------------+-------+----------+------------------+


+--------------------------------------------------------------------------------------------------------------------+
; Port Connectivity Checks: "RandomGenerator:rnd_generator"                                                          ;
+----------+--------+----------+-------------------------------------------------------------------------------------+
; Port     ; Type   ; Severity ; Details                                                                             ;
+----------+--------+----------+-------------------------------------------------------------------------------------+
; validout ; Output ; Info     ; Connected to dangling logic. Logic that only feeds a dangling port will be removed. ;
; dataout  ; Output ; Info     ; Connected to dangling logic. Logic that only feeds a dangling port will be removed. ;
+----------+--------+----------+-------------------------------------------------------------------------------------+


+-------------------------------+
; Elapsed Time Per Partition    ;
+----------------+--------------+
; Partition Name ; Elapsed Time ;
+----------------+--------------+
; Top            ; 00:00:00     ;
+----------------+--------------+


+-------------------------------+
; Analysis & Synthesis Messages ;
+-------------------------------+
Info: *******************************************************************
Info: Running Quartus II 64-Bit Analysis & Synthesis
    Info: Version 13.1.4 Build 182 03/12/2014 SJ Web Edition
    Info: Processing started: Tue May 26 11:55:17 2015
Info: Command: quartus_map --read_settings_files=on --write_settings_files=off ReactionTime -c ReactionTime
Warning (20028): Parallel compilation is not licensed and has been disabled
Info (12021): Found 2 design units, including 1 entities, in source file pseudo_random_generator.vhd
    Info (12022): Found design unit 1: pseudo_random_generator-v1
    Info (12023): Found entity 1: pseudo_random_generator
Info (12021): Found 2 design units, including 1 entities, in source file reactiontimecounter.vhd
    Info (12022): Found design unit 1: ReactionTimeCounter-Behav
    Info (12023): Found entity 1: ReactionTimeCounter
Info (12021): Found 2 design units, including 1 entities, in source file freqdivider.vhd
    Info (12022): Found design unit 1: FreqDivider-Behavioral
    Info (12023): Found entity 1: FreqDivider
Info (12021): Found 2 design units, including 1 entities, in source file randomgenerator.vhd
    Info (12022): Found design unit 1: RandomGenerator-Shell
    Info (12023): Found entity 1: RandomGenerator
Info (12021): Found 2 design units, including 1 entities, in source file bin7segdecoder.vhd
    Info (12022): Found design unit 1: Bin7SegDecoder-Behavioral
    Info (12023): Found entity 1: Bin7SegDecoder
Info (12021): Found 2 design units, including 1 entities, in source file hexdisplay.vhd
    Info (12022): Found design unit 1: HexDisplay-Structural
    Info (12023): Found entity 1: HexDisplay
Info (12021): Found 2 design units, including 1 entities, in source file checkrangen.vhd
    Info (12022): Found design unit 1: CheckRangeN-Behavioral
    Info (12023): Found entity 1: CheckRangeN
Info (12021): Found 2 design units, including 1 entities, in source file mainfsm.vhd
    Info (12022): Found design unit 1: MainFSM-Behav
    Info (12023): Found entity 1: MainFSM
Info (12021): Found 2 design units, including 1 entities, in source file debounceunit.vhd
    Info (12022): Found design unit 1: DebounceUnit-Behavioral
    Info (12023): Found entity 1: DebounceUnit
Info (12021): Found 2 design units, including 1 entities, in source file cntbcdup4.vhd
    Info (12022): Found design unit 1: CntBCDUp4-Behavioral
    Info (12023): Found entity 1: CntBCDUp4
Info (12021): Found 2 design units, including 1 entities, in source file ledcounterfsm.vhd
    Info (12022): Found design unit 1: LEDCounterFSM-Behavioral
    Info (12023): Found entity 1: LEDCounterFSM
Info (12021): Found 2 design units, including 1 entities, in source file shiftregistern.vhd
    Info (12022): Found design unit 1: ShiftRegisterN-Behavioral
    Info (12023): Found entity 1: ShiftRegisterN
Info (12021): Found 2 design units, including 1 entities, in source file timerauxfsm.vhd
    Info (12022): Found design unit 1: TimerAuxFSM-Behav
    Info (12023): Found entity 1: TimerAuxFSM
Info (12021): Found 2 design units, including 1 entities, in source file reactiontime.vhd
    Info (12022): Found design unit 1: ReactionTime-Shell
    Info (12023): Found entity 1: ReactionTime
Info (12127): Elaborating entity "ReactionTime" for the top level hierarchy
Warning (10036): Verilog HDL or VHDL warning at ReactionTime.vhd(16): object "s_validOut" assigned a value but never read
Warning (10036): Verilog HDL or VHDL warning at ReactionTime.vhd(16): object "s_ledCounterEN" assigned a value but never read
Warning (10036): Verilog HDL or VHDL warning at ReactionTime.vhd(17): object "rnd_number" assigned a value but never read
Info (12129): Elaborating entity "FreqDivider" using architecture "A:behavioral" for hierarchy "FreqDivider:clkdivider_50000hz"
Info (12129): Elaborating entity "RandomGenerator" using architecture "A:shell" for hierarchy "RandomGenerator:rnd_generator"
Info (12129): Elaborating entity "pseudo_random_generator" using architecture "A:v1" for hierarchy "RandomGenerator:rnd_generator|pseudo_random_generator:rnd_gen"
Info (12129): Elaborating entity "ShiftRegisterN" using architecture "A:behavioral" for hierarchy "RandomGenerator:rnd_generator|ShiftRegisterN:shiftreg"
Info (12129): Elaborating entity "CheckRangeN" using architecture "A:behavioral" for hierarchy "RandomGenerator:rnd_generator|CheckRangeN:checkrng"
Warning (10631): VHDL Process Statement warning at CheckRangeN.vhd(14): inferring latch(es) for signal or variable "dataOut", which holds its previous value in one or more paths through the process
Info (10041): Inferred latch for "dataOut[0]" at CheckRangeN.vhd(14)
Info (10041): Inferred latch for "dataOut[1]" at CheckRangeN.vhd(14)
Info (10041): Inferred latch for "dataOut[2]" at CheckRangeN.vhd(14)
Info (10041): Inferred latch for "dataOut[3]" at CheckRangeN.vhd(14)
Info (10041): Inferred latch for "dataOut[4]" at CheckRangeN.vhd(14)
Info (10041): Inferred latch for "dataOut[5]" at CheckRangeN.vhd(14)
Info (12129): Elaborating entity "FreqDivider" using architecture "A:behavioral" for hierarchy "FreqDivider:clkdivider_1hz"
Info (12129): Elaborating entity "TimerAuxFSM" using architecture "A:behav" for hierarchy "TimerAuxFSM:timeraux_fsm"
Warning (10492): VHDL Process Statement warning at TimerAuxFSM.vhd(42): signal "timerVal" is read inside the Process Statement but isn't in the Process Statement's sensitivity list
Warning (10492): VHDL Process Statement warning at TimerAuxFSM.vhd(43): signal "s_counter" is read inside the Process Statement but isn't in the Process Statement's sensitivity list
Warning (10492): VHDL Process Statement warning at TimerAuxFSM.vhd(50): signal "s_counter" is read inside the Process Statement but isn't in the Process Statement's sensitivity list
Warning (10492): VHDL Process Statement warning at TimerAuxFSM.vhd(51): signal "s_counter" is read inside the Process Statement but isn't in the Process Statement's sensitivity list
Warning (10631): VHDL Process Statement warning at TimerAuxFSM.vhd(29): inferring latch(es) for signal or variable "s_counter", which holds its previous value in one or more paths through the process
Info (10041): Inferred latch for "s_counter[0]" at TimerAuxFSM.vhd(29)
Info (10041): Inferred latch for "s_counter[1]" at TimerAuxFSM.vhd(29)
Info (10041): Inferred latch for "s_counter[2]" at TimerAuxFSM.vhd(29)
Info (10041): Inferred latch for "s_counter[3]" at TimerAuxFSM.vhd(29)
Info (10041): Inferred latch for "s_counter[4]" at TimerAuxFSM.vhd(29)
Info (10041): Inferred latch for "s_counter[5]" at TimerAuxFSM.vhd(29)
Info (12129): Elaborating entity "FreqDivider" using architecture "A:behavioral" for hierarchy "FreqDivider:clkdivider_2hz"
Info (12129): Elaborating entity "MainFSM" using architecture "A:behav" for hierarchy "MainFSM:main_fsm"
Warning (10631): VHDL Process Statement warning at MainFSM.vhd(38): inferring latch(es) for signal or variable "NS", which holds its previous value in one or more paths through the process
Info (10041): Inferred latch for "NS.H" at MainFSM.vhd(38)
Info (10041): Inferred latch for "NS.G" at MainFSM.vhd(38)
Info (10041): Inferred latch for "NS.F" at MainFSM.vhd(38)
Info (10041): Inferred latch for "NS.E" at MainFSM.vhd(38)
Info (10041): Inferred latch for "NS.D" at MainFSM.vhd(38)
Info (10041): Inferred latch for "NS.C" at MainFSM.vhd(38)
Info (10041): Inferred latch for "NS.B" at MainFSM.vhd(38)
Info (10041): Inferred latch for "NS.A" at MainFSM.vhd(38)
Info (12129): Elaborating entity "LEDCounterFSM" using architecture "A:behavioral" for hierarchy "LEDCounterFSM:ledcounter_fsm"
Warning (10631): VHDL Process Statement warning at LEDCounterFSM.vhd(31): inferring latch(es) for signal or variable "s_nextState", which holds its previous value in one or more paths through the process
Info (10041): Inferred latch for "s_nextState.E" at LEDCounterFSM.vhd(31)
Info (10041): Inferred latch for "s_nextState.D" at LEDCounterFSM.vhd(31)
Info (10041): Inferred latch for "s_nextState.C" at LEDCounterFSM.vhd(31)
Info (10041): Inferred latch for "s_nextState.B" at LEDCounterFSM.vhd(31)
Info (10041): Inferred latch for "s_nextState.A" at LEDCounterFSM.vhd(31)
Info (12129): Elaborating entity "FreqDivider" using architecture "A:behavioral" for hierarchy "FreqDivider:clkdivider_100hz"
Info (12129): Elaborating entity "CntBCDUp4" using architecture "A:behavioral" for hierarchy "CntBCDUp4:counter"
Info (12129): Elaborating entity "HexDisplay" using architecture "A:structural" for hierarchy "HexDisplay:hexdisplay"
Info (12129): Elaborating entity "Bin7SegDecoder" using architecture "A:behavioral" for hierarchy "HexDisplay:hexdisplay|Bin7SegDecoder:disp_0_decoder"
Warning (13024): Output pins are stuck at VCC or GND
    Warning (13410): Pin "LEDR[0]" is stuck at GND
    Warning (13410): Pin "LEDR[1]" is stuck at GND
    Warning (13410): Pin "LEDR[2]" is stuck at GND
    Warning (13410): Pin "LEDR[3]" is stuck at GND
    Warning (13410): Pin "LEDR[4]" is stuck at GND
    Warning (13410): Pin "LEDR[5]" is stuck at GND
    Warning (13410): Pin "LEDG[0]" is stuck at GND
    Warning (13410): Pin "HEX0[0]" is stuck at VCC
    Warning (13410): Pin "HEX0[1]" is stuck at VCC
    Warning (13410): Pin "HEX0[2]" is stuck at VCC
    Warning (13410): Pin "HEX0[3]" is stuck at VCC
    Warning (13410): Pin "HEX0[4]" is stuck at VCC
    Warning (13410): Pin "HEX0[5]" is stuck at VCC
    Warning (13410): Pin "HEX0[6]" is stuck at VCC
    Warning (13410): Pin "HEX1[0]" is stuck at VCC
    Warning (13410): Pin "HEX1[1]" is stuck at VCC
    Warning (13410): Pin "HEX1[2]" is stuck at VCC
    Warning (13410): Pin "HEX1[3]" is stuck at VCC
    Warning (13410): Pin "HEX1[4]" is stuck at VCC
    Warning (13410): Pin "HEX1[5]" is stuck at VCC
    Warning (13410): Pin "HEX1[6]" is stuck at VCC
    Warning (13410): Pin "HEX2[0]" is stuck at VCC
    Warning (13410): Pin "HEX2[1]" is stuck at VCC
    Warning (13410): Pin "HEX2[2]" is stuck at VCC
    Warning (13410): Pin "HEX2[3]" is stuck at VCC
    Warning (13410): Pin "HEX2[4]" is stuck at VCC
    Warning (13410): Pin "HEX2[5]" is stuck at VCC
    Warning (13410): Pin "HEX2[6]" is stuck at VCC
    Warning (13410): Pin "HEX3[0]" is stuck at VCC
    Warning (13410): Pin "HEX3[1]" is stuck at VCC
    Warning (13410): Pin "HEX3[2]" is stuck at VCC
    Warning (13410): Pin "HEX3[3]" is stuck at VCC
    Warning (13410): Pin "HEX3[4]" is stuck at VCC
    Warning (13410): Pin "HEX3[5]" is stuck at VCC
    Warning (13410): Pin "HEX3[6]" is stuck at VCC
    Warning (13410): Pin "HEX4[0]" is stuck at VCC
    Warning (13410): Pin "HEX4[1]" is stuck at VCC
    Warning (13410): Pin "HEX4[2]" is stuck at VCC
    Warning (13410): Pin "HEX4[3]" is stuck at VCC
    Warning (13410): Pin "HEX4[4]" is stuck at VCC
    Warning (13410): Pin "HEX4[5]" is stuck at VCC
    Warning (13410): Pin "HEX4[6]" is stuck at VCC
    Warning (13410): Pin "HEX5[0]" is stuck at VCC
    Warning (13410): Pin "HEX5[1]" is stuck at VCC
    Warning (13410): Pin "HEX5[2]" is stuck at VCC
    Warning (13410): Pin "HEX5[3]" is stuck at VCC
    Warning (13410): Pin "HEX5[4]" is stuck at VCC
    Warning (13410): Pin "HEX5[5]" is stuck at VCC
    Warning (13410): Pin "HEX5[6]" is stuck at VCC
Info (286030): Timing-Driven Synthesis is running
Info (17049): 97 registers lost all their fanouts during netlist optimizations.
Info (16010): Generating hard_block partition "hard_block:auto_generated_inst"
    Info (16011): Adding 0 node(s), including 0 DDIO, 0 PLL, 0 transceiver and 0 LCELL
Warning (21074): Design contains 4 input pin(s) that do not drive logic
    Warning (15610): No output dependent on input pin "KEY[0]"
    Warning (15610): No output dependent on input pin "KEY[1]"
    Warning (15610): No output dependent on input pin "SW[0]"
    Warning (15610): No output dependent on input pin "SW[1]"
Info (21057): Implemented 112 device resources after synthesis - the final resource count might be different
    Info (21058): Implemented 5 input pins
    Info (21059): Implemented 50 output pins
    Info (21061): Implemented 57 logic cells
Info: Quartus II 64-Bit Analysis & Synthesis was successful. 0 errors, 67 warnings
    Info: Peak virtual memory: 521 megabytes
    Info: Processing ended: Tue May 26 11:55:20 2015
    Info: Elapsed time: 00:00:03
    Info: Total CPU time (on all processors): 00:00:02


